// Jest Snapshot v1, https://goo.gl/fbAQLP

exports[`Page Component should match the Page component snapshot 1`] = `
<html
  lang="en"
>
  <head>
    <title>
      
    </title>
    <script
      dangerouslySetInnerHTML={
        Object {
          "__html": "
            window.app = {};
        ",
        }
      }
      type="text/javascript"
    />
  </head>
  <body>
    <div
      id="app-mount"
    >
      <div
        onClick={[Function]}
        style={
          Object {
            "border": "2px solid navy",
            "borderRadius": "4px",
            "boxSizing": "borderBox",
            "height": "200px",
            "lineHeight": "200px",
            "position": "relative",
            "textAlign": "center",
            "width": "400px",
          }
        }
      >
        Hello World
      </div>
    </div>
    <script
      src="/assets/app/app.bundle.js"
    />
  </body>
</html>
`;
