exports[`Page Component should match the Page component snapshot 1`] = `
<html
  lang="en">
  <head>
    <title>
      
    </title>
    <link
      href="app/app.css"
      rel="stylesheet"
      type="text/css" />
    <script
      dangerouslySetInnerHTML={
        Object {
          "__html": "
                    window.app = {};
                ",
        }
      }
      type="text/javascript" />
  </head>
  <body>
    <div
      dangerouslySetInnerHTML={
        Object {
          "__html": "test",
        }
      }
      id="app-mount" />
    <script
      src="/app/app.bundle.js" />
  </body>
</html>
`;
